[jiwar.ubpages.com/jiwar-1/index.html]
[backblue.gif]
[fade.gif]
[index.html]
[d9hhrg4mnvzow.cloudfront.net/jiwar.ubpages.com/jiwar-1/cda1ed25-radius-bg-2_11hc12k000000000000028.png]
[d9hhrg4mnvzow.cloudfront.net/jiwar.ubpages.com/jiwar-1/d31eee61-radius-bg-1_11hc140000000000000028.png]
[d9hhrg4mnvzow.cloudfront.net/jiwar.ubpages.com/jiwar-1/cda1ed25-radius-bg-2_1000000000000000000028.png]
[d9hhrg4mnvzow.cloudfront.net/jiwar.ubpages.com/jiwar-1/d31eee61-radius-bg-1_1000000000000000000028.png]
[d9hhrg4mnvzow.cloudfront.net/jiwar.ubpages.com/jiwar-1/cda1ed25-radius-bg-2_111k0r60go0r60ag000028.png]
[d9hhrg4mnvzow.cloudfront.net/jiwar.ubpages.com/jiwar-1/d31eee61-radius-bg-1_10h70cw0go0cw009000028.png]
[d9hhrg4mnvzow.cloudfront.net/jiwar.ubpages.com/jiwar-1/cda1ed25-radius-bg-2_10000000tp1ce0im000028.png]
[d9hhrg4mnvzow.cloudfront.net/jiwar.ubpages.com/jiwar-1/d31eee61-radius-bg-1_10yd0ps0xc0ps00i000028.png]
[d9hhrg4mnvzow.cloudfront.net/jiwar.ubpages.com/jiwar-1/d31eee61-radius-bg-1_11fk12o1e012o00r000028.png]
[builder-assets.unbounce.com/published-css/main-ebbfc5e.z.css]
[jiwar.ubpages.com/_ub/static/ts/e6c35f50fd3355ae56cc4292c3ae66e2e57ced28.js]
[d9hhrg4mnvzow.cloudfront.net/jiwar.ubpages.com/jiwar-1/28f687b6-logo-white-no-bc_107l07o000000000000028.png]
[d9hhrg4mnvzow.cloudfront.net/jiwar.ubpages.com/jiwar-1/f33ce04b-logo-only-png-no-background_108i08l000000000000028.png]
[d9hhrg4mnvzow.cloudfront.net/jiwar.ubpages.com/jiwar-1/865a2e46-libasi-1_105o05o000000000000028.png]
[d9hhrg4mnvzow.cloudfront.net/jiwar.ubpages.com/jiwar-1/61a23aea-3_106f06i000000000000028.png]
[d9hhrg4mnvzow.cloudfront.net/jiwar.ubpages.com/jiwar-1/6a19f997-libasi_104u04u000000000000028.png]
[d9hhrg4mnvzow.cloudfront.net/jiwar.ubpages.com/jiwar-1/0b9c9d5e-libasi-2_105o05o000000000000028.png]
[d9hhrg4mnvzow.cloudfront.net/jiwar.ubpages.com/jiwar-1/0650127b-libasi-white-no-bc-logo_10co0co000000000000028.png]
[d9hhrg4mnvzow.cloudfront.net/jiwar.ubpages.com/jiwar-1/e9b62779-71pbz0sa51l_106i08300000000000001o.jpg]
[d9hhrg4mnvzow.cloudfront.net/jiwar.ubpages.com/jiwar-1/b3108b04-radius-arrow.gif]
[jiwar.ubpages.com/jiwar-1/index.html]
[builder-assets.unbounce.com/published-js/main.bundle-24bf7dd.z.js]
[builder-assets.unbounce.com/published-css/main-ebbfc5e.z.css]
[jiwar.ubpages.com/assets/62b98db2-b687-48c5-ae98-114aa2429386/logo-white-no-bc.originalbb04.html]
[jiwar.ubpages.com/jiwar-1/clkn/https/libasi.shop/index.html]
[jiwar.ubpages.com/jiwar-1/clkn/http/twitter.com/index.html]
[jiwar.ubpages.com/jiwar-1/clkn/http/unbounce.com/index.html]
[builder-assets.unbounce.com/images/transparent.gif]
